2026-07-20 01:52:37,059 ERROR moto_dimension_crawler.crawler Fetch failed https://www.motorcyclespecs.co.za/bikes/Honda6.html: HTTP 522
2026-07-20 18:00:02,339 ERROR moto_dimension_crawler.pipeline Fetch worker failed for https://www.motorcyclespecs.co.za/model/beneli/Benelli_752S_19.html
Traceback (most recent call last):
  File "D:\Home\Scripts\fitment_sheet_generation\projects\motorcycle_specs\.venv\Lib\site-packages\httpx\_transports\default.py", line 101, in map_httpcore_exceptions
    yield
  File "D:\Home\Scripts\fitment_sheet_generation\projects\motorcycle_specs\.venv\Lib\site-packages\httpx\_transports\default.py", line 250, in handle_request
    resp = self._pool.handle_request(req)
  File "D:\Home\Scripts\fitment_sheet_generation\projects\motorcycle_specs\.venv\Lib\site-packages\httpcore\_sync\connection_pool.py", line 256, in handle_request
    raise exc from None
  File "D:\Home\Scripts\fitment_sheet_generation\projects\motorcycle_specs\.venv\Lib\site-packages\httpcore\_sync\connection_pool.py", line 236, in handle_request
    response = connection.handle_request(
        pool_request.request
    )
  File "D:\Home\Scripts\fitment_sheet_generation\projects\motorcycle_specs\.venv\Lib\site-packages\httpcore\_sync\connection.py", line 103, in handle_request
    return self._connection.handle_request(request)
           ~~~~~~~~~~~~~~~~~~~~~~~~~~~~~~~^^^^^^^^^
  File "D:\Home\Scripts\fitment_sheet_generation\projects\motorcycle_specs\.venv\Lib\site-packages\httpcore\_sync\http11.py", line 136, in handle_request
    raise exc
  File "D:\Home\Scripts\fitment_sheet_generation\projects\motorcycle_specs\.venv\Lib\site-packages\httpcore\_sync\http11.py", line 106, in handle_request
    ) = self._receive_response_headers(**kwargs)
        ~~~~~~~~~~~~~~~~~~~~~~~~~~~~~~^^^^^^^^^^
  File "D:\Home\Scripts\fitment_sheet_generation\projects\motorcycle_specs\.venv\Lib\site-packages\httpcore\_sync\http11.py", line 177, in _receive_response_headers
    event = self._receive_event(timeout=timeout)
  File "D:\Home\Scripts\fitment_sheet_generation\projects\motorcycle_specs\.venv\Lib\site-packages\httpcore\_sync\http11.py", line 217, in _receive_event
    data = self._network_stream.read(
        self.READ_NUM_BYTES, timeout=timeout
    )
  File "D:\Home\Scripts\fitment_sheet_generation\projects\motorcycle_specs\.venv\Lib\site-packages\httpcore\_backends\sync.py", line 126, in read
    with map_exceptions(exc_map):
         ~~~~~~~~~~~~~~^^^^^^^^^
  File "C:\Users\hzwlc\AppData\Local\Python\pythoncore-3.14-64\Lib\contextlib.py", line 162, in __exit__
    self.gen.throw(value)
    ~~~~~~~~~~~~~~^^^^^^^
  File "D:\Home\Scripts\fitment_sheet_generation\projects\motorcycle_specs\.venv\Lib\site-packages\httpcore\_exceptions.py", line 14, in map_exceptions
    raise to_exc(exc) from exc
httpcore.ReadError: [WinError 10054] 远程主机强迫关闭了一个现有的连接。

The above exception was the direct cause of the following exception:

Traceback (most recent call last):
  File "D:\Home\Scripts\fitment_sheet_generation\projects\motorcycle_specs\src\moto_dimension_crawler\pipeline.py", line 725, in run_pipeline
    fetched_by_url[url] = future.result()
                          ~~~~~~~~~~~~~^^
  File "C:\Users\hzwlc\AppData\Local\Python\pythoncore-3.14-64\Lib\concurrent\futures\_base.py", line 443, in result
    return self.__get_result()
           ~~~~~~~~~~~~~~~~~^^
  File "C:\Users\hzwlc\AppData\Local\Python\pythoncore-3.14-64\Lib\concurrent\futures\_base.py", line 395, in __get_result
    raise self._exception
  File "C:\Users\hzwlc\AppData\Local\Python\pythoncore-3.14-64\Lib\concurrent\futures\thread.py", line 86, in run
    result = ctx.run(self.task)
  File "C:\Users\hzwlc\AppData\Local\Python\pythoncore-3.14-64\Lib\concurrent\futures\thread.py", line 73, in run
    return fn(*args, **kwargs)
  File "D:\Home\Scripts\fitment_sheet_generation\projects\motorcycle_specs\src\moto_dimension_crawler\crawler.py", line 84, in fetch
    response = self.client.get(url)
  File "D:\Home\Scripts\fitment_sheet_generation\projects\motorcycle_specs\.venv\Lib\site-packages\httpx\_client.py", line 1053, in get
    return self.request(
           ~~~~~~~~~~~~^
        "GET",
        ^^^^^^
    ...<7 lines>...
        extensions=extensions,
        ^^^^^^^^^^^^^^^^^^^^^^
    )
    ^
  File "D:\Home\Scripts\fitment_sheet_generation\projects\motorcycle_specs\.venv\Lib\site-packages\httpx\_client.py", line 825, in request
    return self.send(request, auth=auth, follow_redirects=follow_redirects)
           ~~~~~~~~~^^^^^^^^^^^^^^^^^^^^^^^^^^^^^^^^^^^^^^^^^^^^^^^^^^^^^^^
  File "D:\Home\Scripts\fitment_sheet_generation\projects\motorcycle_specs\.venv\Lib\site-packages\httpx\_client.py", line 914, in send
    response = self._send_handling_auth(
        request,
    ...<2 lines>...
        history=[],
    )
  File "D:\Home\Scripts\fitment_sheet_generation\projects\motorcycle_specs\.venv\Lib\site-packages\httpx\_client.py", line 942, in _send_handling_auth
    response = self._send_handling_redirects(
        request,
        follow_redirects=follow_redirects,
        history=history,
    )
  File "D:\Home\Scripts\fitment_sheet_generation\projects\motorcycle_specs\.venv\Lib\site-packages\httpx\_client.py", line 979, in _send_handling_redirects
    response = self._send_single_request(request)
  File "D:\Home\Scripts\fitment_sheet_generation\projects\motorcycle_specs\.venv\Lib\site-packages\httpx\_client.py", line 1014, in _send_single_request
    response = transport.handle_request(request)
  File "D:\Home\Scripts\fitment_sheet_generation\projects\motorcycle_specs\.venv\Lib\site-packages\httpx\_transports\default.py", line 249, in handle_request
    with map_httpcore_exceptions():
         ~~~~~~~~~~~~~~~~~~~~~~~^^
  File "C:\Users\hzwlc\AppData\Local\Python\pythoncore-3.14-64\Lib\contextlib.py", line 162, in __exit__
    self.gen.throw(value)
    ~~~~~~~~~~~~~~^^^^^^^
  File "D:\Home\Scripts\fitment_sheet_generation\projects\motorcycle_specs\.venv\Lib\site-packages\httpx\_transports\default.py", line 118, in map_httpcore_exceptions
    raise mapped_exc(message) from exc
httpx.ReadError: [WinError 10054] 远程主机强迫关闭了一个现有的连接。
2026-07-23 18:20:44,880 ERROR moto_dimension_crawler.crawler Fetch failed https://www.1000ps.com/en-gb/model/12520/kawasaki-brute-force-750-4x4i-eps-camo: HTTP 404
2026-07-23 18:42:41,793 ERROR moto_dimension_crawler.crawler Fetch failed https://www.1000ps.com/en-gb/model/13353/sherco-300-se-racing: HTTP 404
