HEADER	origin-dir	split_part_01.tsv
MERGED	split_part_01	split_part_01_result_2.md	Round 2	9 rows
MERGED	split_part_02	split_part_02_result_2.md	Round 4	12 rows
MERGED	split_part_03	split_part_03_result.md	Round 4	10 rows
MERGED	split_part_04	split_part_04_result.md	Round 7	15 rows
MERGED	split_part_05	split_part_05_result.md	Round 8	14 rows
MERGED	split_part_06	split_part_06_result.md	Round 6	10 rows
MERGED	split_part_07	split_part_07_result.md	Round 7	11 rows
MERGED	split_part_08	split_part_08_result.md	Round 26	13 rows
MERGED	split_part_09	split_part_09_result.md	Round 4	10 rows
MERGED	split_part_10	split_part_10_result.md	Round 6	10 rows
MERGED	split_part_11	split_part_11_result.md	Round 42	38 rows
MERGED	split_part_12	split_part_12_result.md	Round 1	11 rows
MERGED	split_part_13	split_part_13_result.md	Round 6	11 rows
MERGED	split_part_14	split_part_14_result.md	Round 1	10 rows
MERGED	split_part_15	split_part_15_result.md	Round 10	32 rows
MERGED	split_part_16	split_part_16_result.md	Round 5	14 rows
MERGED	split_part_17	split_part_17_result.md	Round 4	9 rows
MERGED	split_part_18	split_part_18_result.md	Round 5	12 rows
MERGED	split_part_19	split_part_19_result.md	Round 6	10 rows
MERGED	split_part_20	split_part_20_result.md	Round 20	24 rows
MERGED	split_part_21	split_part_21_result.md	Round 17	11 rows
MERGED	split_part_22	split_part_22_result.md	Round 94	31 rows
MERGED	split_part_23	split_part_23_result.md	Round 33	30 rows
EMPTY_ROUND	split_part_24	split_part_24_result_2.md	Round 58
MERGED	split_part_25	split_part_25_result.md	Round 10	10 rows
MERGED	split_part_26	split_part_26_result.md	Round 6	10 rows
MERGED	split_part_27	split_part_27_result.md	Round 3	11 rows
MERGED	split_part_28	split_part_28_result.md	Round 3	10 rows
MERGED	split_part_29	split_part_29_result.md	Round 11	10 rows
MERGED	split_part_30	split_part_30_result.md	Round 10	12 rows
MERGED	split_part_31	split_part_31_result.md	Round 20	10 rows
MERGED	split_part_32	split_part_32_result_2.md	Round 102	48 rows
MERGED	split_part_33	split_part_33_result.md	Round 75	10 rows
MERGED	split_part_34	split_part_34_result.md	Round 7	13 rows
MERGED	split_part_35	split_part_35_result.md	Round 2	10 rows
MERGED	split_part_36	split_part_36_result.md	Round 20	10 rows
MERGED	split_part_37	split_part_37_result_2.md	Round 1	10 rows
MERGED	split_part_38	split_part_38_result.md	Round 1	10 rows
MERGED	split_part_39	split_part_39_result.md	Round 1	10 rows
MERGED	split_part_40	split_part_40_result.md	Round 16	10 rows
MERGED	split_part_41	split_part_41_result.md	Round 25	10 rows
MERGED	split_part_42	split_part_42_result_2.md	Round 79	10 rows
EMPTY_ROUND	split_part_43	split_part_43_result_3.md	Round 1
MERGED	split_part_44	split_part_44_result.md	Round 1	10 rows
EMPTY_ROUND	split_part_45	split_part_45_result.md	Round 43
MISSING	split_part_46	(no result md)
MISSING	split_part_47	(no result md)
MISSING	split_part_48	(no result md)
MISSING	split_part_49	(no result md)
MISSING	split_part_50	(no result md)
MISSING	split_part_51	(no result md)
